=================================================================
🚀 Welcome to TinyWeb - Decentralized PBFT Blockchain Node!
=================================================================
Node Configuration:
  Node ID: 0
  API Port: 8013
  Protocol: HTTP + PBFT Consensus
  Features: Blockchain, Invitations, Encrypted Transactions
-----------------------------------------------------------------
Initializing TinyWeb system components...
Message queues initialized
System components initialized successfully
Creating PBFT node...
Mongoose HTTP client initialized
Invitation system initialized
Initializing node keys...
Initializing keys for node 0
Loaded existing keys for node 0
Loading blockchain...
Loading/creating blockchain for node 0
Loading existing blockchain from state/blockchain/blockchain.dat
Loaded blockchain (Original size: 6218 bytes, Compressed size: 4698 bytes)
Loaded existing blockchain for node 0 with length 2
Initializing database...
WAL mode and optimizations configured successfully
Database initialized successfully: state/blockchain/blockchain.db
Database initialized successfully
Syncing blockchain to database...
Syncing blockchain to database (2 blocks)...
Failed to sync block 0
Warning: Failed to sync blockchain to database
✅ TinyWeb PBFT node initialized successfully
-----------------------------------------------------------------
🌐 HTTP API Server: http://localhost:8013
📊 Available Endpoints:
  • GET  /                          - Node status
  • GET  /GetBlockChainLength       - Blockchain info
  • POST /Transaction               - Submit transaction
  • POST /invitation/create         - Create invitation
  • POST /invitation/accept/<code>  - Accept invitation
  • GET  /invitation/pending        - List pending invitations
🔧 Press Ctrl+C to shutdown gracefully
=================================================================
PBFT node 0 starting on port 8013
TinyWeb monitor thread started
Starting PBFT API server on port 8013
PBFT node threads started successfully
PBFT main consensus loop started for node 0
PBFT API server listening on http://0.0.0.0:8013
Node 0: Proposing block (round 3)
DEBUG: Creating block 2 with previous hash: b90bb45bccd71094fc3df011a346e2a0541b65c88421433ccc9aa4a10b2d5573
Created new block with index 2 and 0 transactions
Node 0: Committing block directly (singular mode)
DEBUG: Block 2 validation - Expected prev hash: b90bb45bccd71094fc3df011a346e2a0541b65c88421433ccc9aa4a10b2d5573, Actual prev hash: b90bb45bccd71094fc3df011a346e2a0541b65c88421433ccc9aa4a10b2d5573
Block validation passed for block 2
DEBUG: Block 2 validation - Expected prev hash: b90bb45bccd71094fc3df011a346e2a0541b65c88421433ccc9aa4a10b2d5573, Actual prev hash: b90bb45bccd71094fc3df011a346e2a0541b65c88421433ccc9aa4a10b2d5573
Block validation passed for block 2
DEBUG: TW_BlockChain_add_block - Expected prev hash: b90bb45bccd71094fc3df011a346e2a0541b65c88421433ccc9aa4a10b2d5573, Block prev hash: b90bb45bccd71094fc3df011a346e2a0541b65c88421433ccc9aa4a10b2d5573
DEBUG: TW_BlockChain_add_block - Successfully added block 2, new length: 3
Successfully committed block 2 to blockchain
Block 2 synced to database
DEBUG: Querying transactions with filter - limit: 20, offset: 0, type: 44
DEBUG: Checking type filter: type=44, condition=false
DEBUG: Skipping type filter (type=44)
DEBUG SQL COUNT QUERY: SELECT COUNT(*) FROM transactions t
DEBUG: Count query returned 13 transactions
DEBUG: Checking type filter: type=44, condition=false
DEBUG: Skipping type filter (type=44)
DEBUG SQL DATA QUERY: SELECT t.id, t.block_index, t.transaction_index, t.type, t.sender, t.timestamp, t.recipient_count, t.group_id, t.signature, t.payload_size, t.encrypted_payload, t.decrypted_content, t.is_decrypted FROM transactions t ORDER BY t.timestamp DESC LIMIT ?
DEBUG: Retrieved transaction 0, ID=13
DEBUG: Retrieved transaction 1, ID=12
DEBUG: Retrieved transaction 2, ID=11
DEBUG: Retrieved transaction 3, ID=10
DEBUG: Retrieved transaction 4, ID=9
DEBUG: Retrieved transaction 5, ID=8
DEBUG: Retrieved transaction 6, ID=7
DEBUG: Retrieved transaction 7, ID=6
DEBUG: Retrieved transaction 8, ID=5
DEBUG: Retrieved transaction 9, ID=4
DEBUG: Retrieved transaction 10, ID=3
DEBUG: Retrieved transaction 11, ID=2
DEBUG: Retrieved transaction 12, ID=1
DEBUG: Data query retrieved 13 out of expected 13 transactions
DEBUG: query_transactions returned 0, tx_count: 13, tx_results: 0x7d20f0004eb0

Received signal 15, shutting down gracefully...
TinyWeb monitor thread stopping
PBFT main consensus loop stopped for node 0
PBFT API server shutting down
PBFT node 0 shutdown complete
Waiting for monitor thread to finish...
Cleaning up system components...
Message queues cleaned up
Database closed successfully
Database closed
Mongoose HTTP client cleaned up
System cleanup completed

=================================================================
🛑 TinyWeb PBFT Node shutdown complete - Goodbye!
=================================================================
